[ 11%] Built target gtest
[ 22%] Built target gtest_main
[ 33%] Built target gmock
[ 44%] Built target http_tests
[ 55%] Built target order_tests
[ 66%] Built target store_tests
[ 72%] Building CXX object CMakeFiles/custom_tests.dir/source/cppboostservicelib/tests/custom_endpoints_test.cpp.o
[ 77%] Building CXX object CMakeFiles/grpc_tests.dir/source/cppboostservicelib/tests/grpc_endpoints_test.cpp.o
[ 83%] Linking CXX executable custom_tests
[ 83%] Built target custom_tests
[ 94%] Built target gmock_main
[100%] Linking CXX executable grpc_tests
[100%] Built target grpc_tests
Running main() from /source/cppboostservicelib/build/debug/_deps/googletest-src/googletest/src/gtest_main.cc
[==========] Running 7 tests from 2 test suites.
[----------] Global test environment set-up.
[----------] 4 tests from CustomDataSource
[ RUN      ] CustomDataSource.RunsProducerAndHandlerLifecycle
[       OK ] CustomDataSource.RunsProducerAndHandlerLifecycle (4 ms)
[ RUN      ] CustomDataSource.BlockingHandlerDoesNotBlockReactorWorkers
[       OK ] CustomDataSource.BlockingHandlerDoesNotBlockReactorWorkers (2 ms)
[ RUN      ] CustomDataSource.CorrelatesPipelineResultUsingStreamContext
[       OK ] CustomDataSource.CorrelatesPipelineResultUsingStreamContext (1 ms)
[ RUN      ] CustomDataSource.SupportsMultiPushAndPersistentResultCallback
[       OK ] CustomDataSource.SupportsMultiPushAndPersistentResultCallback (1 ms)
[----------] 4 tests from CustomDataSource (10 ms total)

[----------] 3 tests from CustomDataSink
[ RUN      ] CustomDataSink.PreservesLifecycleAndCollectsResult
[       OK ] CustomDataSink.PreservesLifecycleAndCollectsResult (0 ms)
[ RUN      ] CustomDataSink.UnsampledRequestDoesNotResolveTracingConfiguration
[       OK ] CustomDataSink.UnsampledRequestDoesNotResolveTracingConfiguration (0 ms)
[ RUN      ] CustomDataSink.SupportsMultiPushAndPropagatesErrors
[       OK ] CustomDataSink.SupportsMultiPushAndPropagatesErrors (18 ms)
[----------] 3 tests from CustomDataSink (18 ms total)

[----------] Global test environment tear-down
[==========] 7 tests from 2 test suites ran. (29 ms total)
[  PASSED  ] 7 tests.
Running main() from /source/cppboostservicelib/build/debug/_deps/googletest-src/googletest/src/gtest_main.cc
[==========] Running 4 tests from 3 test suites.
[----------] Global test environment set-up.
[----------] 2 tests from GrpcDataSource
[ RUN      ] GrpcDataSource.RetainsCallbackAcrossResults
[       OK ] GrpcDataSource.RetainsCallbackAcrossResults (2 ms)
[ RUN      ] GrpcDataSource.SupportsAllFourMethodTypesAndCorrelation
[       OK ] GrpcDataSource.SupportsAllFourMethodTypesAndCorrelation (29 ms)
[----------] 2 tests from GrpcDataSource (32 ms total)

[----------] 1 test from GrpcTracing
[ RUN      ] GrpcTracing.RequiresExplicitSampledTraceParent
[       OK ] GrpcTracing.RequiresExplicitSampledTraceParent (0 ms)
[----------] 1 test from GrpcTracing (0 ms total)

[----------] 1 test from GrpcDataSink
[ RUN      ] GrpcDataSink.SupportsAllFourMethodTypesAndStreamIdSessions
[       OK ] GrpcDataSink.SupportsAllFourMethodTypesAndStreamIdSessions (64 ms)
[----------] 1 test from GrpcDataSink (64 ms total)

[----------] Global test environment tear-down
[==========] 4 tests from 3 test suites ran. (99 ms total)
[  PASSED  ] 4 tests.
