-- Conan: Component target declared 'gRPC::address_sorting'
-- Conan: Component target declared 'gRPC::gpr'
-- Conan: Component target declared 'gRPC::upb_base_lib'
-- Conan: Component target declared 'gRPC::upb_mem_lib'
-- Conan: Component target declared 'gRPC::utf8_range_lib'
-- Conan: Component target declared 'gRPC::grpc_plugin_support'
-- Conan: Component target declared 'gRPC::upb_mini_descriptor_lib'
-- Conan: Component target declared 'gRPC::upb_message_lib'
-- Conan: Component target declared 'gRPC::upb_wire_lib'
-- Conan: Component target declared 'gRPC::grpc_unsecure'
-- Conan: Component target declared 'gRPC::upb_json_lib'
-- Conan: Component target declared 'gRPC::upb_textformat_lib'
-- Conan: Component target declared 'gRPC::grpc_authorization_provider'
-- Conan: Component target declared 'gRPC::grpc'
-- Conan: Component target declared 'gRPC::grpc++_unsecure'
-- Conan: Component target declared 'gRPC::grpc++'
-- Conan: Component target declared 'gRPC::grpc++_alts'
-- Conan: Component target declared 'gRPC::grpc++_error_details'
-- Conan: Component target declared 'gRPC::grpc++_reflection'
-- Conan: Component target declared 'gRPC::grpcpp_channelz'
-- Conan: Target declared 'grpc::grpc'
-- Conan: Component target declared 'c-ares::cares'
-- Conan: Target declared 're2::re2'
-- Conan: Component target declared 'ICU::data'
-- Conan: Component target declared 'ICU::dt'
-- Conan: Component target declared 'ICU::uc'
-- Conan: Component target declared 'ICU::i18n'
-- Conan: Component target declared 'ICU::in'
-- Conan: Component target declared 'ICU::io'
-- Conan: Component target declared 'ICU::tu'
-- Conan: Component target declared 'ICU::test'
-- Conan: Target declared 'icu::icu'
-- Conan: Component target declared 'utf8_range::utf8_range'
-- Conan: Component target declared 'utf8_range::utf8_validity'
-- Conan: Component target declared 'protobuf::libprotobuf'
-- Conan: Component target declared 'protobuf::libprotoc'
-- Conan: Target declared 'protobuf::protobuf'
-- Conan: Component target declared 'absl::config'
-- Conan: Component target declared 'absl::pretty_function'
-- Conan: Component target declared 'absl::civil_time'
-- Conan: Component target declared 'absl::time_zone'
-- Conan: Component target declared 'absl::errno_saver'
-- Conan: Component target declared 'absl::dynamic_annotations'
-- Conan: Component target declared 'absl::core_headers'
-- Conan: Component target declared 'absl::fast_type_id'
-- Conan: Component target declared 'absl::algorithm'
-- Conan: Component target declared 'absl::hashtable_debug_hooks'
-- Conan: Component target declared 'absl::node_slot_policy'
-- Conan: Component target declared 'absl::non_temporal_arm_intrinsics'
-- Conan: Component target declared 'absl::utf8_for_code_point'
-- Conan: Component target declared 'absl::log_internal_voidify'
-- Conan: Component target declared 'absl::numeric_representation'
-- Conan: Component target declared 'absl::random_seed_gen_exception'
-- Conan: Component target declared 'absl::random_internal_traits'
-- Conan: Component target declared 'absl::random_internal_fast_uniform_bits'
-- Conan: Component target declared 'absl::random_internal_platform'
-- Conan: Component target declared 'absl::has_ostream_operator'
-- Conan: Component target declared 'absl::cordz_update_tracker'
-- Conan: Component target declared 'absl::if_constexpr'
-- Conan: Component target declared 'absl::atomic_hook'
-- Conan: Component target declared 'absl::log_severity'
-- Conan: Component target declared 'absl::strerror'
-- Conan: Component target declared 'absl::prefetch'
-- Conan: Component target declared 'absl::hashtable_debug'
-- Conan: Component target declared 'absl::non_temporal_memcpy'
-- Conan: Component target declared 'absl::leak_check'
-- Conan: Component target declared 'absl::flags_commandlineflag_internal'
-- Conan: Component target declared 'absl::log_internal_config'
-- Conan: Component target declared 'absl::log_internal_nullguard'
-- Conan: Component target declared 'absl::type_traits'
-- Conan: Component target declared 'absl::bits'
-- Conan: Component target declared 'absl::exponential_biased'
-- Conan: Component target declared 'absl::random_internal_randen_slow'
-- Conan: Component target declared 'absl::random_internal_randen_hwaes_impl'
-- Conan: Component target declared 'absl::nullability'
-- Conan: Component target declared 'absl::raw_logging_internal'
-- Conan: Component target declared 'absl::base_internal'
-- Conan: Component target declared 'absl::container_common'
-- Conan: Component target declared 'absl::bounded_utf8_length_sequence'
-- Conan: Component target declared 'absl::meta'
-- Conan: Component target declared 'absl::periodic_sampler'
-- Conan: Component target declared 'absl::random_internal_fastmath'
-- Conan: Component target declared 'absl::random_internal_randen_hwaes'
-- Conan: Component target declared 'absl::random_internal_uniform_helper'
-- Conan: Component target declared 'absl::compare'
-- Conan: Component target declared 'absl::no_destructor'
-- Conan: Component target declared 'absl::spinlock_wait'
-- Conan: Component target declared 'absl::throw_delegate'
-- Conan: Component target declared 'absl::scoped_set_env'
-- Conan: Component target declared 'absl::algorithm_container'
-- Conan: Component target declared 'absl::common_policy_traits'
-- Conan: Component target declared 'absl::debugging_internal'
-- Conan: Component target declared 'absl::decode_rust_punycode'
-- Conan: Component target declared 'absl::overload'
-- Conan: Component target declared 'absl::memory'
-- Conan: Component target declared 'absl::int128'
-- Conan: Component target declared 'absl::random_internal_generate_real'
-- Conan: Component target declared 'absl::random_internal_randen'
-- Conan: Component target declared 'absl::cordz_functions'
-- Conan: Component target declared 'absl::bad_any_cast_impl'
-- Conan: Component target declared 'absl::bad_optional_access'
-- Conan: Component target declared 'absl::bad_variant_access'
-- Conan: Component target declared 'absl::utility'
-- Conan: Component target declared 'absl::base'
-- Conan: Component target declared 'absl::cleanup_internal'
-- Conan: Component target declared 'absl::compressed_tuple'
-- Conan: Component target declared 'absl::container_memory'
-- Conan: Component target declared 'absl::hash_policy_traits'
-- Conan: Component target declared 'absl::stacktrace'
-- Conan: Component target declared 'absl::demangle_rust'
-- Conan: Component target declared 'absl::any_invocable'
-- Conan: Component target declared 'absl::numeric'
-- Conan: Component target declared 'absl::random_internal_distribution_caller'
-- Conan: Component target declared 'absl::random_internal_iostream_state_saver'
-- Conan: Component target declared 'absl::random_internal_wide_multiply'
-- Conan: Component target declared 'absl::bad_any_cast'
-- Conan: Component target declared 'absl::span'
-- Conan: Component target declared 'absl::optional'
-- Conan: Component target declared 'absl::variant'
-- Conan: Component target declared 'absl::malloc_internal'
-- Conan: Component target declared 'absl::endian'
-- Conan: Component target declared 'absl::cleanup'
-- Conan: Component target declared 'absl::fixed_array'
-- Conan: Component target declared 'absl::inlined_vector_internal'
-- Conan: Component target declared 'absl::crc_cpu_detect'
-- Conan: Component target declared 'absl::demangle_internal'
-- Conan: Component target declared 'absl::debugging'
-- Conan: Component target declared 'absl::bind_front'
-- Conan: Component target declared 'absl::function_ref'
-- Conan: Component target declared 'absl::log_internal_conditions'
-- Conan: Component target declared 'absl::random_bit_gen_ref'
-- Conan: Component target declared 'absl::random_internal_mock_helpers'
-- Conan: Component target declared 'absl::random_internal_pcg_engine'
-- Conan: Component target declared 'absl::string_view'
-- Conan: Component target declared 'absl::any'
-- Conan: Component target declared 'absl::poison'
-- Conan: Component target declared 'absl::inlined_vector'
-- Conan: Component target declared 'absl::crc_internal'
-- Conan: Component target declared 'absl::city'
-- Conan: Component target declared 'absl::low_level_hash'
-- Conan: Component target declared 'absl::random_internal_randen_engine'
-- Conan: Component target declared 'absl::charset'
-- Conan: Component target declared 'absl::strings_internal'
-- Conan: Component target declared 'absl::graphcycles_internal'
-- Conan: Component target declared 'absl::strings'
-- Conan: Component target declared 'absl::layout'
-- Conan: Component target declared 'absl::symbolize'
-- Conan: Component target declared 'absl::flags_path_util'
-- Conan: Component target declared 'absl::flags_commandlineflag'
-- Conan: Component target declared 'absl::hash'
-- Conan: Component target declared 'absl::log_internal_proto'
-- Conan: Component target declared 'absl::log_internal_nullstream'
-- Conan: Component target declared 'absl::log_internal_append_truncated'
-- Conan: Component target declared 'absl::log_internal_fnmatch'
-- Conan: Component target declared 'absl::random_distributions'
-- Conan: Component target declared 'absl::random_internal_seed_material'
-- Conan: Component target declared 'absl::str_format_internal'
-- Conan: Component target declared 'absl::time'
-- Conan: Component target declared 'absl::examine_stack'
-- Conan: Component target declared 'absl::flags_private_handle_accessor'
-- Conan: Component target declared 'absl::log_internal_globals'
-- Conan: Component target declared 'absl::log_entry'
-- Conan: Component target declared 'absl::random_internal_pool_urbg'
-- Conan: Component target declared 'absl::random_internal_salted_seed_seq'
-- Conan: Component target declared 'absl::str_format'
-- Conan: Component target declared 'absl::kernel_timeout_internal'
-- Conan: Component target declared 'absl::crc32c'
-- Conan: Component target declared 'absl::failure_signal_handler'
-- Conan: Component target declared 'absl::flags_marshalling'
-- Conan: Component target declared 'absl::log_internal_format'
-- Conan: Component target declared 'absl::log_sink'
-- Conan: Component target declared 'absl::random_seed_sequences'
-- Conan: Component target declared 'absl::random_internal_nonsecure_base'
-- Conan: Component target declared 'absl::random_internal_distribution_test_util'
-- Conan: Component target declared 'absl::synchronization'
-- Conan: Component target declared 'absl::crc_cord_state'
-- Conan: Component target declared 'absl::flags_program_name'
-- Conan: Component target declared 'absl::vlog_config_internal'
-- Conan: Component target declared 'absl::sample_recorder'
-- Conan: Component target declared 'absl::random_random'
-- Conan: Component target declared 'absl::cordz_statistics'
-- Conan: Component target declared 'absl::cordz_handle'
-- Conan: Component target declared 'absl::hashtablez_sampler'
-- Conan: Component target declared 'absl::flags_config'
-- Conan: Component target declared 'absl::log_globals'
-- Conan: Component target declared 'absl::absl_vlog_is_on'
-- Conan: Component target declared 'absl::cord_internal'
-- Conan: Component target declared 'absl::raw_hash_set'
-- Conan: Component target declared 'absl::flags_internal'
-- Conan: Component target declared 'absl::log_internal_log_sink_set'
-- Conan: Component target declared 'absl::log_initialize'
-- Conan: Component target declared 'absl::vlog_is_on'
-- Conan: Component target declared 'absl::cordz_info'
-- Conan: Component target declared 'absl::raw_hash_map'
-- Conan: Component target declared 'absl::log_sink_registry'
-- Conan: Component target declared 'absl::cordz_sample_token'
-- Conan: Component target declared 'absl::cordz_update_scope'
-- Conan: Component target declared 'absl::log_internal_message'
-- Conan: Component target declared 'absl::cord'
-- Conan: Component target declared 'absl::btree'
-- Conan: Component target declared 'absl::hash_function_defaults'
-- Conan: Component target declared 'absl::log_internal_strip'
-- Conan: Component target declared 'absl::log_internal_structured'
-- Conan: Component target declared 'absl::status'
-- Conan: Component target declared 'absl::hash_container_defaults'
-- Conan: Component target declared 'absl::log_internal_check_op'
-- Conan: Component target declared 'absl::log_internal_log_impl'
-- Conan: Component target declared 'absl::log_structured'
-- Conan: Component target declared 'absl::statusor'
-- Conan: Component target declared 'absl::flat_hash_map'
-- Conan: Component target declared 'absl::flat_hash_set'
-- Conan: Component target declared 'absl::node_hash_map'
-- Conan: Component target declared 'absl::node_hash_set'
-- Conan: Component target declared 'absl::log_internal_check_impl'
-- Conan: Component target declared 'absl::absl_log'
-- Conan: Component target declared 'absl::log'
-- Conan: Component target declared 'absl::flags_reflection'
-- Conan: Component target declared 'absl::absl_check'
-- Conan: Component target declared 'absl::check'
-- Conan: Component target declared 'absl::die_if_null'
-- Conan: Component target declared 'absl::log_streamer'
-- Conan: Component target declared 'absl::flags'
-- Conan: Component target declared 'absl::flags_usage_internal'
-- Conan: Component target declared 'absl::log_internal_flags'
-- Conan: Component target declared 'absl::flags_usage'
-- Conan: Component target declared 'absl::log_flags'
-- Conan: Component target declared 'absl::flags_parse'
-- Conan: Target declared 'abseil::abseil'
-- Conan: Target declared 'ZLIB::ZLIB'
-- Conan: Including build module from '/conan/p/b/protoc2f44ca141216/p/lib/cmake/protobuf/protobuf-generate.cmake'
-- Conan: Including build module from '/conan/p/b/protoc2f44ca141216/p/lib/cmake/protobuf/protobuf-module.cmake'
-- Conan: Including build module from '/conan/p/b/protoc2f44ca141216/p/lib/cmake/protobuf/protobuf-options.cmake'
-- Conan: Including build module from '/conan/p/b/protoc2f44ca141216/p/lib/cmake/protobuf/protobuf-conan-protoc-target.cmake'
-- Conan: Including build module from '/conan/p/b/grpcd2a43a8cd427d/p/lib/cmake/conan_trick/grpc_cpp_plugin.cmake'
-- Conan: Including build module from '/conan/p/b/grpcd2a43a8cd427d/p/lib/cmake/conan_trick/grpc_csharp_plugin.cmake'
-- Conan: Including build module from '/conan/p/b/grpcd2a43a8cd427d/p/lib/cmake/conan_trick/grpc_node_plugin.cmake'
-- Conan: Including build module from '/conan/p/b/grpcd2a43a8cd427d/p/lib/cmake/conan_trick/grpc_objective_c_plugin.cmake'
-- Conan: Including build module from '/conan/p/b/grpcd2a43a8cd427d/p/lib/cmake/conan_trick/grpc_php_plugin.cmake'
-- Conan: Including build module from '/conan/p/b/grpcd2a43a8cd427d/p/lib/cmake/conan_trick/grpc_python_plugin.cmake'
-- Conan: Including build module from '/conan/p/b/grpcd2a43a8cd427d/p/lib/cmake/conan_trick/grpc_ruby_plugin.cmake'
-- Configuring done (0.1s)
-- Generating done (0.1s)
-- Build files have been written to: /review/asan
[ 33%] Built target gtest
[ 66%] Built target gtest_main
[ 83%] Building CXX object CMakeFiles/grpc_tests.dir/source/cppboostservicelib/tests/grpc_endpoints_test.cpp.o
[100%] Linking CXX executable grpc_tests
[100%] Built target grpc_tests
Running main() from /source/cppboostservicelib/build/debug/_deps/googletest-src/googletest/src/gtest_main.cc
[==========] Running 3 tests from 3 test suites.
[----------] Global test environment set-up.
[----------] 1 test from GrpcTracing
[ RUN      ] GrpcTracing.RequiresExplicitSampledTraceParent
[       OK ] GrpcTracing.RequiresExplicitSampledTraceParent (0 ms)
[----------] 1 test from GrpcTracing (0 ms total)

[----------] 1 test from GrpcDataSource
[ RUN      ] GrpcDataSource.SupportsAllFourMethodTypesAndCorrelation
[       OK ] GrpcDataSource.SupportsAllFourMethodTypesAndCorrelation (4 ms)
[----------] 1 test from GrpcDataSource (4 ms total)

[----------] 1 test from GrpcDataSink
[ RUN      ] GrpcDataSink.SupportsAllFourMethodTypesAndStreamIdSessions
[       OK ] GrpcDataSink.SupportsAllFourMethodTypesAndStreamIdSessions (64 ms)
[----------] 1 test from GrpcDataSink (64 ms total)

[----------] Global test environment tear-down
[==========] 3 tests from 3 test suites ran. (69 ms total)
[  PASSED  ] 3 tests.
