[ 33%] Built target gtest
[ 66%] Built target gtest_main
[ 83%] Building CXX object CMakeFiles/grpc_tests.dir/source/cppboostservicelib/tests/grpc_endpoints_test.cpp.o
[100%] Linking CXX executable grpc_tests
[100%] Built target grpc_tests
Running main() from /source/cppboostservicelib/build/debug/_deps/googletest-src/googletest/src/gtest_main.cc
[==========] Running 18 tests from 4 test suites.
[----------] Global test environment set-up.
[----------] 2 tests from GrpcDataSource
[ RUN      ] GrpcDataSource.RetainsCallbackAcrossResults
[       OK ] GrpcDataSource.RetainsCallbackAcrossResults (2 ms)
[ RUN      ] GrpcDataSource.SupportsAllFourMethodTypesAndCorrelation
[       OK ] GrpcDataSource.SupportsAllFourMethodTypesAndCorrelation (42 ms)
[----------] 2 tests from GrpcDataSource (45 ms total)

[----------] 1 test from GrpcTracing
[ RUN      ] GrpcTracing.RequiresExplicitSampledTraceParent
[       OK ] GrpcTracing.RequiresExplicitSampledTraceParent (0 ms)
[----------] 1 test from GrpcTracing (0 ms total)

[----------] 1 test from GrpcDataSink
[ RUN      ] GrpcDataSink.SupportsAllFourMethodTypesAndStreamIdSessions
[       OK ] GrpcDataSink.SupportsAllFourMethodTypesAndStreamIdSessions (65 ms)
[----------] 1 test from GrpcDataSink (65 ms total)

[----------] 14 tests from GrpcStreamingLifecycle
[ RUN      ] GrpcStreamingLifecycle.ClientWaitersAndCompletionDoNotBlock
[       OK ] GrpcStreamingLifecycle.ClientWaitersAndCompletionDoNotBlock (20 ms)
[ RUN      ] GrpcStreamingLifecycle.BidiWaitersAndCompletionDoNotBlock
[       OK ] GrpcStreamingLifecycle.BidiWaitersAndCompletionDoNotBlock (19 ms)
[ RUN      ] GrpcStreamingLifecycle.ClientStopIncludesInitializingSession
[       OK ] GrpcStreamingLifecycle.ClientStopIncludesInitializingSession (74 ms)
[ RUN      ] GrpcStreamingLifecycle.BidiStopIncludesInitializingSession
[       OK ] GrpcStreamingLifecycle.BidiStopIncludesInitializingSession (75 ms)
[ RUN      ] GrpcStreamingLifecycle.ClientCompletionInsideStart
[       OK ] GrpcStreamingLifecycle.ClientCompletionInsideStart (30 ms)
[ RUN      ] GrpcStreamingLifecycle.BidiCompletionInsideStart
[       OK ] GrpcStreamingLifecycle.BidiCompletionInsideStart (27 ms)
[ RUN      ] GrpcStreamingLifecycle.ClientCompletionInsideDone
[       OK ] GrpcStreamingLifecycle.ClientCompletionInsideDone (26 ms)
[ RUN      ] GrpcStreamingLifecycle.BidiCompletionInsideDone
[       OK ] GrpcStreamingLifecycle.BidiCompletionInsideDone (26 ms)
[ RUN      ] GrpcStreamingLifecycle.ClientResponseDrainsBeforeEnd
[       OK ] GrpcStreamingLifecycle.ClientResponseDrainsBeforeEnd (22 ms)
[ RUN      ] GrpcStreamingLifecycle.BidiResponseDrainsBeforeEnd
[       OK ] GrpcStreamingLifecycle.BidiResponseDrainsBeforeEnd (22 ms)
[ RUN      ] GrpcStreamingLifecycle.ClientStartFailureDrains
[       OK ] GrpcStreamingLifecycle.ClientStartFailureDrains (23 ms)
[ RUN      ] GrpcStreamingLifecycle.BidiStartFailureDrains
[       OK ] GrpcStreamingLifecycle.BidiStartFailureDrains (0 ms)
[ RUN      ] GrpcStreamingLifecycle.LegacyClientWaiterReturnsBeforeReady
[       OK ] GrpcStreamingLifecycle.LegacyClientWaiterReturnsBeforeReady (0 ms)
[ RUN      ] GrpcStreamingLifecycle.LegacyBidiWaiterReturnsBeforeReady
[       OK ] GrpcStreamingLifecycle.LegacyBidiWaiterReturnsBeforeReady (0 ms)
[----------] 14 tests from GrpcStreamingLifecycle (375 ms total)

[----------] Global test environment tear-down
[==========] 18 tests from 4 test suites ran. (489 ms total)
[  PASSED  ] 18 tests.
